? == 3
1,S,? == 1
1,S,1 == #breadcrumb
1,A,? == 2
2,A,font-family == "Trebuchet MS", "Lucida Grande", Arial
