? == 3
1,D,* == deleted
? == 2
2,D,color == deleted
? == 1
? == 2
