? == 18
1,S,? == 1
1,A,? == 3
2,S,? == 1
2,A,? == 9
3,S,? == 6
3,A,? == 1
1,S,1 == #breadcrumb
1,A,width == 80%
1,A,font-family == Verdana
1,A,font-size == 9pt
2,S,1 == body
3,S,1 == h1
3,S,2 == h2
font-size,A,? == 9
color,A,? == 7
font-weight,A,? == 3
font,A,? == 0
2,A,margin == 20
body,E,margin == 10 auto
margin,A,? == 2
margin-left,A,? == 1
h1,S,? == 2
#breadcrumb,E,width == 100%
#bes,A,? == 0
#bes,S,? == 0
? == 36
24,A,? == 9
25,A,? == 3
24,S,? == 1
25,S,? == 1
font-size,A,? == 18
h1,S,? == 4
