? == 19
1,S,? == 1
1,A,? == 3
2,S,? == 1
3,A,? == 1
1,S,1 == #breadcrumb
font-size,A,? == 10
color,A,? == 8
h1,S,? == 2
#breadcrumb,E,width == 100%
? == 25
24,A,? == 9
25,A,? == 9
font-size,A,? == 14
h1,S,? == 3
#breadcrumb,E,width == 70%
24,A,min-width == 780px
24,A,margin == 20
24,A,padding == 0
24,A,border == 10
24,A,background-color == #B0CFE6
25,A,min-width == 880px
25,A,margin == 30
25,A,padding == 10
25,A,border == 20
25,A,background-color == #B2CFE6
? == 27
24,A,? == 9
25,A,? == 9
24,S,? == 1
25,S,? == 1
font-size,A,? == 16
h1,S,? == 3
24,A,? == 9
25,A,? == 9
24,S,? == 1
25,S,? == 1
font-size,A,? == 37
h1,S,? == 7
1,S,? == 1
1,A,? == 3
2,S,? == 1
3,A,? == 1
1,S,1 == #breadcrumb
font-size,A,? == 37
color,A,? == 32
h1,S,? == 7
#breadcrumb,E,width == 100%
? == 68
