? == 17
1,S,? == 1
1,A,? == 3
2,S,? == 1
3,A,? == 1
1,S,1 == #breadcrumb
font-size,A,? == 8
color,A,? == 6
h1,S,? == 2
width,A,? == 9
margin,A,? == 2
#breadcrumb,E,width == 100%
? == 21
font-size,A,? == 10
h1,S,? == 3
width,A,? == 11
margin,A,? == 2
#breadcrumb,E,width == 70%
20,D,* == deleted
? == 20
font-size,A,? == 9
h1,S,? == 3
width,A,? == 10
margin,A,? == 2
#breadcrumb,E,width == 100%
font-size,A,? == 9
20,A,? == 6
20,D,font-size == deleted
font-size,A,? == 8
20,A,? == 5
20,D,color == deleted
20,D,font-family == deleted
20,D,padding == deleted
20,D,width == deleted
? == 20
20,D,border == deleted
? == 19
? == 19
? == 23
14,A,? == 4
15,A,? == 6
14,S,? == 1
14,S,1 == #footer
15,S,? == 1
font-size,A,? == 12
h1,S,? == 4
width,A,? == 9
margin,A,? == 6
1,D,* == deleted
? == 22
13,A,? == 4
14,A,? == 6
13,S,? == 1
14,S,? == 1
14,S,1 == .menu_nodeStyle
font-size,A,? == 11
h1,S,? == 4
width,A,? == 8
margin,A,? == 6
1,D,* == deleted
? == 21
13,A,? == 6
14,A,? == 3
13,S,? == 1
14,S,? == 1
14,S,1 == .menu_hoverNodestyle
font-size,A,? == 10
h1,S,? == 4
width,A,? == 8
margin,A,? == 5
1,D,* == deleted
? == 20
13,A,? == 3
14,A,? == 3
13,S,? == 1
14,S,? == 1
14,S,1 == .menu_selectedNodestyle
font-size,A,? == 10
h1,S,? == 3
width,A,? == 8
margin,A,? == 5
1,D,* == deleted
? == 19
13,A,? == 3
14,A,? == 3
13,S,? == 1
14,S,? == 0
font-size,A,? == 9
h1,S,? == 2
width,A,? == 8
margin,A,? == 5
1,D,* == deleted
? == 18
13,A,? == 3
14,A,? == 3
13,S,? == 0
14,S,? == 2
14,S,1 == h1
font-size,A,? == 9
h1,S,? == 2
width,A,? == 7
margin,A,? == 4
1,D,* == deleted
? == 17
13,A,? == 3
14,A,? == 9
13,S,? == 2
14,S,? == 1
14,S,1 == next_body p
font-size,A,? == 8
h1,S,? == 2
width,A,? == 7
margin,A,? == 4
1,D,* == deleted
? == 16
13,A,? == 9
14,A,? == 9
13,S,? == 1
14,S,? == 1
14,S,1 == next_body div
font-size,A,? == 7
h1,S,? == 2
width,A,? == 6
margin,A,? == 4
1,D,* == deleted
? == 15
13,A,? == 9
14,A,? == 9
13,S,? == 1
14,S,? == 1
14,S,1 == next_body_A div
font-size,A,? == 7
h1,S,? == 2
width,A,? == 5
margin,A,? == 4
1,D,* == deleted
? == 14
13,A,? == 9
14,A,? == 9
13,S,? == 1
14,S,? == 2
14,S,1 == h1
font-size,A,? == 7
h1,S,? == 2
width,A,? == 4
margin,A,? == 4
h1,S,? == 15
width,A,? == 13
margin,A,? == 6
29,S,? == 2
29,A,? == 6
? == 29
29,D,* == deleted
? == 28
h1,S,? == 14
width,A,? == 12
margin,A,? == 6
28,S,? == 2
28,A,? == 4
28,D,* == deleted
? == 27
h1,S,? == 13
width,A,? == 11
margin,A,? == 6
27,S,? == 2
27,A,? == 1
27,D,* == deleted
? == 26
h1,S,? == 12
width,A,? == 11
margin,A,? == 6
26,S,? == 2
26,A,? == 2
26,D,* == deleted
? == 25
h1,S,? == 11
width,A,? == 11
margin,A,? == 6
25,S,? == 2
25,A,? == 3
25,D,* == deleted
? == 24
h1,S,? == 10
width,A,? == 10
margin,A,? == 6
24,S,? == 2
24,A,? == 4
24,D,* == deleted
? == 23
h1,S,? == 9
width,A,? == 9
margin,A,? == 6
23,S,? == 2
23,A,? == 2
23,D,* == deleted
? == 22
h1,S,? == 8
width,A,? == 8
margin,A,? == 6
22,S,? == 2
22,A,? == 4
22,D,* == deleted
? == 21
h1,S,? == 7
width,A,? == 7
margin,A,? == 6
21,S,? == 2
21,A,? == 3
21,D,* == deleted
? == 20
h1,S,? == 6
width,A,? == 6
margin,A,? == 6
20,S,? == 2
20,A,? == 9
20,D,* == deleted
? == 19
h1,S,? == 5
width,A,? == 6
margin,A,? == 6
19,S,? == 2
19,A,? == 4
19,D,* == deleted
? == 18
h1,S,? == 4
width,A,? == 5
margin,A,? == 5
18,S,? == 1
18,A,? == 2
18,D,* == deleted
? == 17
h1,S,? == 3
width,A,? == 5
margin,A,? == 5
17,S,? == 6
17,A,? == 1
17,D,* == deleted
? == 16
h1,S,? == 2
width,A,? == 5
margin,A,? == 5
16,S,? == 1
16,A,? == 9
16,D,* == deleted
? == 15
h1,S,? == 2
width,A,? == 5
margin,A,? == 4
15,S,? == 1
15,A,? == 3
15,D,* == deleted
? == 14
h1,S,? == 2
width,A,? == 4
margin,A,? == 4
14,S,? == 2
14,S,1 == h1
14,A,? == 9
14,D,* == deleted
? == 13
h1,S,? == 1
width,A,? == 4
margin,A,? == 3
13,S,? == 1
13,A,? == 9
13,D,* == deleted
? == 12
h1,S,? == 1
width,A,? == 4
margin,A,? == 2
12,S,? == 1
12,A,? == 9
12,D,* == deleted
? == 11
h1,S,? == 1
width,A,? == 4
margin,A,? == 1
11,S,? == 1
11,A,? == 9
11,D,* == deleted
? == 10
h1,S,? == 1
width,A,? == 4
margin,A,? == 0
10,S,? == 2
10,A,? == 3
10,D,* == deleted
? == 9
h1,S,? == 0
width,A,? == 4
margin,A,? == 0
9,S,? == 0
9,A,? == 3
9,D,* == deleted
? == 8
h1,S,? == 0
width,A,? == 4
margin,A,? == 0
8,S,? == 1
8,A,? == 3
8,D,* == deleted
? == 7
h1,S,? == 0
width,A,? == 4
margin,A,? == 0
7,S,? == 1
7,A,? == 3
7,D,* == deleted
? == 6
h1,S,? == 0
width,A,? == 4
margin,A,? == 0
6,S,? == 1
6,A,? == 6
6,D,* == deleted
? == 5
h1,S,? == 0
width,A,? == 3
margin,A,? == 0
5,S,? == 1
5,A,? == 4
5,D,* == deleted
? == 4
h1,S,? == 0
width,A,? == 2
margin,A,? == 0
4,S,? == 1
4,A,? == 1
4,D,* == deleted
? == 3
h1,S,? == 0
width,A,? == 2
margin,A,? == 0
3,S,? == 1
3,A,? == 2
3,D,* == deleted
? == 2
h1,S,? == 0
width,A,? == 2
margin,A,? == 0
2,S,? == 1
2,A,? == 3
2,D,* == deleted
? == 1
h1,S,? == 0
width,A,? == 1
margin,A,? == 0
1,S,? == 1
1,A,? == 4
1,D,* == deleted
? == 0
